Importing module 'gym_38' (/home/jakub/isaacgym/python/isaacgym/_bindings/linux-x86_64/gym_38.so)
Setting GYM_USD_PLUG_INFO_PATH to /home/jakub/isaacgym/python/isaacgym/_bindings/linux-x86_64/usd/plugInfo.json
PyTorch version 1.13.1+cu117
Device count 1
/home/jakub/isaacgym/python/isaacgym/_bindings/src/gymtorch
Using /home/jakub/.cache/torch_extensions/py38_cu117 as PyTorch extensions root...
Emitting ninja build file /home/jakub/.cache/torch_extensions/py38_cu117/gymtorch/build.ninja...
Building extension module gymtorch...
Allowing ninja to set a default number of workers... (overridable by setting the environment variable MAX_JOBS=N)
ninja: no work to do.
[SRBD] Custom CUDA kernel active (CUDA_KERNEL_SRBD=True in config.py).
[physx] rudin buffers: default_buffer_size_multiplier=5.0 max_gpu_contact_pairs=8388608
[env] creating PhysX simulation
Not connected to PVD
+++ Using GPU PhysX
Physics Engine: PhysX
Physics Device: cuda:0
GPU Pipeline: enabled
[env] simulation created
[Terrain] terrain_type='rudin' -> using Rudin curriculum-grid landscape
[terrain] adding Rudin curriculum-grid triangle mesh
[terrain] Rudin curriculum-grid mesh added
[env] loading asset go2_description.urdf from /home/jakub/projects/BachelorThesis
[Error] [carb.gym.plugin] Failed to resolve visual mesh 'dae/base.dae'
[Error] [carb.gym.plugin] Failed to resolve visual mesh 'dae/hip.dae'
[Error] [carb.gym.plugin] Failed to resolve visual mesh 'dae/thigh.dae'
[Error] [carb.gym.plugin] Failed to resolve visual mesh 'dae/calf.dae'
[Error] [carb.gym.plugin] Failed to resolve visual mesh 'dae/foot.dae'
[Error] [carb.gym.plugin] Failed to resolve visual mesh 'dae/hip.dae'
[Error] [carb.gym.plugin] Failed to resolve visual mesh 'dae/thigh_mirror.dae'
[Error] [carb.gym.plugin] Failed to resolve visual mesh 'dae/calf_mirror.dae'
[Error] [carb.gym.plugin] Failed to resolve visual mesh 'dae/foot.dae'
[Error] [carb.gym.plugin] Failed to resolve visual mesh 'dae/hip.dae'
[Error] [carb.gym.plugin] Failed to resolve visual mesh 'dae/thigh.dae'
[Error] [carb.gym.plugin] Failed to resolve visual mesh 'dae/calf.dae'
[Error] [carb.gym.plugin] Failed to resolve visual mesh 'dae/foot.dae'
[Error] [carb.gym.plugin] Failed to resolve visual mesh 'dae/hip.dae'
[Error] [carb.gym.plugin] Failed to resolve visual mesh 'dae/thigh_mirror.dae'
[Error] [carb.gym.plugin] Failed to resolve visual mesh 'dae/calf_mirror.dae'
[Error] [carb.gym.plugin] Failed to resolve visual mesh 'dae/foot.dae'

[DBG] Asset DOFs in order:
  00: FL_hip_joint
  01: FL_thigh_joint
  02: FL_calf_joint
  03: FR_hip_joint
  04: FR_thigh_joint
  05: FR_calf_joint
  06: RL_hip_joint
  07: RL_thigh_joint
  08: RL_calf_joint
  09: RR_hip_joint
  10: RR_thigh_joint
  11: RR_calf_joint

[DBG] Mapping to key12:
  FL_hip       -> asset dof idx 0
  FL_thigh     -> asset dof idx 1
  FL_calf      -> asset dof idx 2
  FR_hip       -> asset dof idx 3
  FR_thigh     -> asset dof idx 4
  FR_calf      -> asset dof idx 5
  RL_hip       -> asset dof idx 6
  RL_thigh     -> asset dof idx 7
  RL_calf      -> asset dof idx 8
  RR_hip       -> asset dof idx 9
  RR_thigh     -> asset dof idx 10
  RR_calf      -> asset dof idx 11
[DBG] ctrl_idx (key12 -> raw_names index): [0, 1, 2, 3, 4, 5, 6, 7, 8, 9, 10, 11]
[OK] key12 order is [FL*3, FR*3, RL*3, RR*3]
[INFO] feet_local rigid bodies (FL,FR,RL,RR idx): [4, 8, 14, 18]
[env] isaac env-grid origins: x [0.00, 0.00] y [0.00, 0.00] (spacing=0.0, num_per_row=32)
[env] rudin actor create poses: x [4.00, 44.00] y [4.00, 156.00] z [-0.91, 1.61]
Loading extension module gymtorch...
driveMode unique (after set): {1}
stiffness range: 60.0 – 60.0
damping   range: 2.0 – 2.0
[DBG] lower[12] = [-1.0472 -1.5708 -2.7227 -1.0472 -1.5708 -2.7227 -1.0472 -0.5236 -2.7227
 -1.0472 -0.5236 -2.7227]
[DBG] upper[12] = [ 1.0472   3.4907  -0.83776  1.0472   3.4907  -0.83776  1.0472   4.5379
 -0.83776  1.0472   4.5379  -0.83776]
[DBG] effort[12] = [23.7  23.7  45.43 23.7  23.7  45.43 23.7  23.7  45.43 23.7  23.7  45.43]
[INFO] Jacobian detected as floating-base: cols=18, dof_count=12, offset=6
[CHECK] foot_jacobians shape: (1024, 4, 3, 18)  (B,4,3,cols)
[CHECK] J12 shape: (1024, 4, 3, 12)  (B,4,3,12)
[CHECK] ||J12||: 31.845705032348633
Warp 1.0.2 initialized:
   CUDA Toolkit 11.5, Driver 13.0
   Devices:
     "cpu"      : "x86_64"
     "cuda:0"   : "NVIDIA GeForce GTX 1660 Ti" (6 GiB, sm_75, mempool enabled)
   Kernel cache:
     /home/jakub/.cache/warp/1.0.2
[perception] collector ready (B=1024, device=cuda, terrain_type=rudin).
[eval] Loaded policy weights from results/train/depth_s0/quad_diffsim_srbd_align_multi_robot.pth.
[eval] Evaluating on Rudin terrain: B=1024, seed=0, steps=15000, warmup=2000, episode_length_s=20.0
Module warp.utils load on device 'cuda:0' took 2.69 ms
Module perception.warp_kernels.cam_kernel load on device 'cuda:0' took 1.75 ms
[DBG_DIR t=00000] pos_w=(+12.570,+4.868) v_w=(-0.112,-0.018) v_b=(+0.113,+0.004)
[DBG_DIR t=00200] pos_w=(+12.598,+4.792) v_w=(+0.185,-0.245) v_b=(-0.181,+0.207)
[DBG_DIR t=00400] pos_w=(+12.668,+4.770) v_w=(-0.030,-0.082) v_b=(+0.025,+0.090)
[DBG_DIR t=00600] pos_w=(+12.687,+4.763) v_w=(+0.124,+0.079) v_b=(-0.131,-0.066)
[DBG_DIR t=00800] pos_w=(+12.689,+4.767) v_w=(-0.008,+0.015) v_b=(+0.008,-0.006)
[DBG_DIR t=01000] pos_w=(+12.721,+4.767) v_w=(-0.077,-0.078) v_b=(+0.072,+0.074)
[DBG_DIR t=01200] pos_w=(+12.720,+4.766) v_w=(+0.112,+0.067) v_b=(-0.117,-0.055)
[DBG_DIR t=01400] pos_w=(+12.717,+4.758) v_w=(-0.032,-0.012) v_b=(+0.028,+0.023)
[DBG_DIR t=01600] pos_w=(+12.746,+4.773) v_w=(+0.041,-0.096) v_b=(-0.026,+0.049)
[DBG_DIR t=01800] pos_w=(+12.731,+4.759) v_w=(+0.081,+0.035) v_b=(-0.082,-0.027)
[DBG_DIR t=02000] pos_w=(+12.735,+4.757) v_w=(-0.097,-0.038) v_b=(+0.092,+0.047)
[DBG_DIR t=02200] pos_w=(+12.756,+4.775) v_w=(+0.127,+0.031) v_b=(-0.111,-0.059)
[DBG_DIR t=02400] pos_w=(+12.741,+4.759) v_w=(+0.038,+0.029) v_b=(-0.040,-0.006)
[DBG_DIR t=02600] pos_w=(+12.756,+4.759) v_w=(-0.132,-0.053) v_b=(+0.122,+0.067)
[DBG_DIR t=02800] pos_w=(+12.766,+4.769) v_w=(+0.137,+0.072) v_b=(-0.129,-0.085)
[DBG_DIR t=03000] pos_w=(+12.756,+4.755) v_w=(+0.023,+0.029) v_b=(-0.025,+0.006)
[DBG_DIR t=03200] pos_w=(+12.782,+4.759) v_w=(-0.142,-0.056) v_b=(+0.129,+0.074)
[DBG_DIR t=03400] pos_w=(+12.780,+4.761) v_w=(+0.123,+0.067) v_b=(-0.115,-0.078)
[DBG_DIR t=03600] pos_w=(+12.772,+4.751) v_w=(-0.010,-0.010) v_b=(+0.001,+0.032)
[DBG_DIR t=03800] pos_w=(+12.804,+4.760) v_w=(-0.047,-0.086) v_b=(+0.036,+0.064)
[DBG_DIR t=04000] pos_w=(+12.791,+4.754) v_w=(+0.102,+0.030) v_b=(-0.096,-0.043)
[DBG_DIR t=04200] pos_w=(+12.789,+4.748) v_w=(-0.069,-0.017) v_b=(+0.058,+0.039)
[DBG_DIR t=04400] pos_w=(+12.817,+4.760) v_w=(+0.131,-0.060) v_b=(-0.113,-0.020)
[DBG_DIR t=04600] pos_w=(+12.803,+4.747) v_w=(+0.072,+0.020) v_b=(-0.069,-0.019)
[DBG_DIR t=04800] pos_w=(+12.809,+4.745) v_w=(-0.127,-0.015) v_b=(+0.115,+0.053)
[DBG_DIR t=05000] pos_w=(+12.825,+4.757) v_w=(+0.147,+0.039) v_b=(-0.132,-0.076)
[DBG_DIR t=05200] pos_w=(+12.815,+4.740) v_w=(+0.060,+0.035) v_b=(-0.056,-0.006)
[DBG_DIR t=05400] pos_w=(+12.831,+4.741) v_w=(-0.163,-0.003) v_b=(+0.149,+0.063)
[DBG_DIR t=05600] pos_w=(+12.832,+4.750) v_w=(+0.127,+0.046) v_b=(-0.115,-0.068)
[DBG_DIR t=05800] pos_w=(+12.827,+4.733) v_w=(+0.015,-0.010) v_b=(-0.027,+0.038)
[DBG_DIR t=06000] pos_w=(+12.853,+4.735) v_w=(-0.147,-0.021) v_b=(+0.124,+0.071)
[DBG_DIR t=06200] pos_w=(+12.840,+4.743) v_w=(+0.107,+0.018) v_b=(-0.098,-0.043)
[DBG_DIR t=06400] pos_w=(+12.840,+4.728) v_w=(-0.018,-0.031) v_b=(-0.002,+0.044)
[DBG_DIR t=06600] pos_w=(+12.871,+4.732) v_w=(-0.010,-0.052) v_b=(+0.001,+0.011)
[DBG_DIR t=06800] pos_w=(+12.848,+4.738) v_w=(+0.077,+0.005) v_b=(-0.072,-0.024)
[DBG_DIR t=07000] pos_w=(+12.855,+4.725) v_w=(-0.082,-0.031) v_b=(+0.059,+0.061)
[DBG_DIR t=07200] pos_w=(+12.882,+4.728) v_w=(+0.097,+0.002) v_b=(-0.071,-0.066)
[DBG_DIR t=07400] pos_w=(+12.858,+4.729) v_w=(+0.043,+0.012) v_b=(-0.036,-0.014)
[DBG_DIR t=07600] pos_w=(+12.874,+4.718) v_w=(-0.132,-0.034) v_b=(+0.102,+0.081)
[DBG_DIR t=07800] pos_w=(+12.889,+4.718) v_w=(+0.130,+0.025) v_b=(-0.100,-0.088)
[DBG_DIR t=08000] pos_w=(+12.869,+4.721) v_w=(+0.020,+0.046) v_b=(+0.003,-0.012)
[DBG_DIR t=08200] pos_w=(+12.894,+4.713) v_w=(-0.146,-0.037) v_b=(+0.111,+0.090)
[DBG_DIR t=08400] pos_w=(+12.895,+4.710) v_w=(+0.139,+0.023) v_b=(-0.110,-0.087)
[DBG_DIR t=08600] pos_w=(+12.882,+4.712) v_w=(-0.026,+0.013) v_b=(+0.025,+0.023)
[DBG_DIR t=08800] pos_w=(+12.912,+4.709) v_w=(-0.065,-0.088) v_b=(+0.020,+0.074)
[DBG_DIR t=09000] pos_w=(+12.901,+4.701) v_w=(+0.112,-0.000) v_b=(-0.097,-0.054)
[DBG_DIR t=09200] pos_w=(+12.896,+4.703) v_w=(-0.074,+0.026) v_b=(+0.072,+0.030)
[DBG_DIR t=09400] pos_w=(+12.924,+4.706) v_w=(+0.105,-0.120) v_b=(-0.126,+0.002)
[DBG_DIR t=09600] pos_w=(+12.908,+4.692) v_w=(+0.076,-0.002) v_b=(-0.069,-0.020)
[DBG_DIR t=09800] pos_w=(+12.913,+4.693) v_w=(-0.121,+0.045) v_b=(+0.122,+0.043)
[DBG_DIR t=10000] pos_w=(+12.931,+4.701) v_w=(+0.150,-0.019) v_b=(-0.138,-0.064)
[DBG_DIR t=10200] pos_w=(+3.121,+4.729) v_w=(+0.273,+0.535) v_b=(+0.569,-0.242)
[DBG_DIR t=10400] pos_w=(+3.212,+4.912) v_w=(+0.211,+0.232) v_b=(+0.094,-0.330)
[DBG_DIR t=10600] pos_w=(+3.265,+4.968) v_w=(-0.036,+0.203) v_b=(+0.126,-0.179)
[DBG_DIR t=10800] pos_w=(+3.201,+5.077) v_w=(-0.349,+0.252) v_b=(+0.437,+0.001)
[DBG_DIR t=11000] pos_w=(+3.048,+5.189) v_w=(-0.040,+0.480) v_b=(+0.323,-0.285)
[DBG_DIR t=11200] pos_w=(+3.043,+5.372) v_w=(+0.173,+0.177) v_b=(-0.235,-0.027)
[DBG_DIR t=11400] pos_w=(+3.077,+3.562) v_w=(-0.334,+0.200) v_b=(+0.164,-0.370)
[DBG_DIR t=11600] pos_w=(+3.027,+3.790) v_w=(-0.264,+0.734) v_b=(-0.192,-0.642)
[DBG_DIR t=11800] pos_w=(+4.833,+4.734) v_w=(+0.219,-0.779) v_b=(+0.761,+0.268)
[DBG_DIR t=12000] pos_w=(+4.916,+4.440) v_w=(+0.178,-0.848) v_b=(+0.764,-0.029)
[DBG_DIR t=12200] pos_w=(+3.249,+3.676) v_w=(-0.067,-0.473) v_b=(-0.288,-0.429)
[DBG_DIR t=12400] pos_w=(+3.271,+3.508) v_w=(+0.030,-0.566) v_b=(-0.102,-0.511)
[DBG_DIR t=12600] pos_w=(+4.674,+3.725) v_w=(-0.013,+0.313) v_b=(+0.247,-0.187)
[DBG_DIR t=12800] pos_w=(+4.658,+3.819) v_w=(-0.061,+0.175) v_b=(+0.161,-0.057)
[DBG_DIR t=13000] pos_w=(+4.618,+3.899) v_w=(-0.143,+0.151) v_b=(+0.224,-0.018)
[DBG_DIR t=13200] pos_w=(+4.583,+3.917) v_w=(-0.067,+0.186) v_b=(+0.179,-0.060)
[DBG_DIR t=13400] pos_w=(+4.547,+4.043) v_w=(-0.091,+0.330) v_b=(+0.310,-0.161)
[DBG_DIR t=13600] pos_w=(+4.506,+4.158) v_w=(-0.073,+0.262) v_b=(+0.240,-0.133)
[DBG_DIR t=13800] pos_w=(+4.445,+4.239) v_w=(+0.004,+0.200) v_b=(+0.135,-0.071)
[DBG_DIR t=14000] pos_w=(+4.416,+4.343) v_w=(-0.134,+0.232) v_b=(+0.271,-0.044)
[DBG_DIR t=14200] pos_w=(+4.378,+4.409) v_w=(-0.065,+0.148) v_b=(+0.164,-0.053)
[DBG_DIR t=14400] pos_w=(+4.347,+4.494) v_w=(-0.121,+0.235) v_b=(+0.240,-0.046)
[DBG_DIR t=14600] pos_w=(+4.305,+4.609) v_w=(-0.208,+0.285) v_b=(+0.365,-0.054)
[DBG_DIR t=14800] pos_w=(+4.253,+4.672) v_w=(-0.067,+0.124) v_b=(+0.143,-0.041)

===== Rudin-terrain evaluation =====
  mean_terrain_level: 0.7953792818509615
  lin_vel_track_err: 0.26017291552172256
  ang_vel_track_err: 0.6312063603630432
  fall_rate: 0.917960088691796
  mean_reset_distance: 0.9969045519262392
  n_falls: 5796
  n_timeouts: 518
  corrupt_l1: 0.0
  channel_l1: 0.38642953076041664
  terrain_level_hist: [888, 53, 46, 24, 13, 0, 0, 0, 0, 0]
  terrain_level_hist_start: [414, 177, 149, 128, 107, 49, 0, 0, 0, 0]

[eval] Wrote results/saliency/eval_results_depth_none.json
[eval] Wrote results/saliency/eval_results_depth_none.csv
