Importing module 'gym_38' (/home/jakub/isaacgym/python/isaacgym/_bindings/linux-x86_64/gym_38.so)
Setting GYM_USD_PLUG_INFO_PATH to /home/jakub/isaacgym/python/isaacgym/_bindings/linux-x86_64/usd/plugInfo.json
PyTorch version 1.13.1+cu117
Device count 1
/home/jakub/isaacgym/python/isaacgym/_bindings/src/gymtorch
Using /home/jakub/.cache/torch_extensions/py38_cu117 as PyTorch extensions root...
Emitting ninja build file /home/jakub/.cache/torch_extensions/py38_cu117/gymtorch/build.ninja...
Building extension module gymtorch...
Allowing ninja to set a default number of workers... (overridable by setting the environment variable MAX_JOBS=N)
ninja: no work to do.
[SRBD] Custom CUDA kernel active (CUDA_KERNEL_SRBD=True in config.py).
[physx] rudin buffers: default_buffer_size_multiplier=5.0 max_gpu_contact_pairs=8388608
[env] creating PhysX simulation
Not connected to PVD
+++ Using GPU PhysX
Physics Engine: PhysX
Physics Device: cuda:0
GPU Pipeline: enabled
[env] simulation created
[Terrain] terrain_type='rudin' -> using Rudin curriculum-grid landscape
[terrain] adding Rudin curriculum-grid triangle mesh
[terrain] Rudin curriculum-grid mesh added
[env] loading asset go2_description.urdf from /home/jakub/projects/BachelorThesis
[Error] [carb.gym.plugin] Failed to resolve visual mesh 'dae/base.dae'
[Error] [carb.gym.plugin] Failed to resolve visual mesh 'dae/hip.dae'
[Error] [carb.gym.plugin] Failed to resolve visual mesh 'dae/thigh.dae'
[Error] [carb.gym.plugin] Failed to resolve visual mesh 'dae/calf.dae'
[Error] [carb.gym.plugin] Failed to resolve visual mesh 'dae/foot.dae'
[Error] [carb.gym.plugin] Failed to resolve visual mesh 'dae/hip.dae'
[Error] [carb.gym.plugin] Failed to resolve visual mesh 'dae/thigh_mirror.dae'
[Error] [carb.gym.plugin] Failed to resolve visual mesh 'dae/calf_mirror.dae'
[Error] [carb.gym.plugin] Failed to resolve visual mesh 'dae/foot.dae'
[Error] [carb.gym.plugin] Failed to resolve visual mesh 'dae/hip.dae'
[Error] [carb.gym.plugin] Failed to resolve visual mesh 'dae/thigh.dae'
[Error] [carb.gym.plugin] Failed to resolve visual mesh 'dae/calf.dae'
[Error] [carb.gym.plugin] Failed to resolve visual mesh 'dae/foot.dae'
[Error] [carb.gym.plugin] Failed to resolve visual mesh 'dae/hip.dae'
[Error] [carb.gym.plugin] Failed to resolve visual mesh 'dae/thigh_mirror.dae'
[Error] [carb.gym.plugin] Failed to resolve visual mesh 'dae/calf_mirror.dae'
[Error] [carb.gym.plugin] Failed to resolve visual mesh 'dae/foot.dae'

[DBG] Asset DOFs in order:
  00: FL_hip_joint
  01: FL_thigh_joint
  02: FL_calf_joint
  03: FR_hip_joint
  04: FR_thigh_joint
  05: FR_calf_joint
  06: RL_hip_joint
  07: RL_thigh_joint
  08: RL_calf_joint
  09: RR_hip_joint
  10: RR_thigh_joint
  11: RR_calf_joint

[DBG] Mapping to key12:
  FL_hip       -> asset dof idx 0
  FL_thigh     -> asset dof idx 1
  FL_calf      -> asset dof idx 2
  FR_hip       -> asset dof idx 3
  FR_thigh     -> asset dof idx 4
  FR_calf      -> asset dof idx 5
  RL_hip       -> asset dof idx 6
  RL_thigh     -> asset dof idx 7
  RL_calf      -> asset dof idx 8
  RR_hip       -> asset dof idx 9
  RR_thigh     -> asset dof idx 10
  RR_calf      -> asset dof idx 11
[DBG] ctrl_idx (key12 -> raw_names index): [0, 1, 2, 3, 4, 5, 6, 7, 8, 9, 10, 11]
[OK] key12 order is [FL*3, FR*3, RL*3, RR*3]
[INFO] feet_local rigid bodies (FL,FR,RL,RR idx): [4, 8, 14, 18]
[env] isaac env-grid origins: x [0.00, 0.00] y [0.00, 0.00] (spacing=0.0, num_per_row=32)
[env] rudin actor create poses: x [4.00, 44.00] y [4.00, 156.00] z [-0.91, 1.61]
Loading extension module gymtorch...
driveMode unique (after set): {1}
stiffness range: 60.0 – 60.0
damping   range: 2.0 – 2.0
[DBG] lower[12] = [-1.0472 -1.5708 -2.7227 -1.0472 -1.5708 -2.7227 -1.0472 -0.5236 -2.7227
 -1.0472 -0.5236 -2.7227]
[DBG] upper[12] = [ 1.0472   3.4907  -0.83776  1.0472   3.4907  -0.83776  1.0472   4.5379
 -0.83776  1.0472   4.5379  -0.83776]
[DBG] effort[12] = [23.7  23.7  45.43 23.7  23.7  45.43 23.7  23.7  45.43 23.7  23.7  45.43]
[INFO] Jacobian detected as floating-base: cols=18, dof_count=12, offset=6
[CHECK] foot_jacobians shape: (1024, 4, 3, 18)  (B,4,3,cols)
[CHECK] J12 shape: (1024, 4, 3, 12)  (B,4,3,12)
[CHECK] ||J12||: 31.845705032348633
Warp 1.0.2 initialized:
   CUDA Toolkit 11.5, Driver 13.0
   Devices:
     "cpu"      : "x86_64"
     "cuda:0"   : "NVIDIA GeForce GTX 1660 Ti" (6 GiB, sm_75, mempool enabled)
   Kernel cache:
     /home/jakub/.cache/warp/1.0.2
[perception] collector ready (B=1024, device=cuda, terrain_type=rudin).
[eval] Loaded policy weights from results/train/hobs_s0/quad_diffsim_srbd_align_multi_robot.pth.
[eval] Evaluating on Rudin terrain: B=1024, seed=0, steps=15000, warmup=2000, episode_length_s=20.0
[DBG_DIR t=00000] pos_w=(+12.570,+4.868) v_w=(-0.110,-0.019) v_b=(+0.111,+0.005)
[DBG_DIR t=00200] pos_w=(+12.603,+4.787) v_w=(+0.214,-0.222) v_b=(-0.205,+0.190)
[DBG_DIR t=00400] pos_w=(+12.690,+4.781) v_w=(-0.038,-0.022) v_b=(+0.031,+0.043)
[DBG_DIR t=00600] pos_w=(+12.704,+4.773) v_w=(+0.109,-0.012) v_b=(-0.115,+0.019)
[DBG_DIR t=00800] pos_w=(+12.709,+4.763) v_w=(-0.016,+0.021) v_b=(+0.011,+0.011)
[DBG_DIR t=01000] pos_w=(+12.726,+4.764) v_w=(-0.095,-0.054) v_b=(+0.094,+0.041)
[DBG_DIR t=01200] pos_w=(+12.717,+4.771) v_w=(+0.094,+0.028) v_b=(-0.095,-0.026)
[DBG_DIR t=01400] pos_w=(+12.715,+4.758) v_w=(-0.025,-0.005) v_b=(+0.016,+0.024)
[DBG_DIR t=01600] pos_w=(+12.731,+4.767) v_w=(+0.034,-0.089) v_b=(-0.021,+0.022)
[DBG_DIR t=01800] pos_w=(+12.716,+4.768) v_w=(+0.077,+0.025) v_b=(-0.080,-0.017)
[DBG_DIR t=02000] pos_w=(+12.718,+4.757) v_w=(-0.077,-0.032) v_b=(+0.076,+0.034)
[DBG_DIR t=02200] pos_w=(+12.730,+4.776) v_w=(+0.083,+0.039) v_b=(-0.060,-0.075)
[DBG_DIR t=02400] pos_w=(+12.710,+4.773) v_w=(+0.004,+0.047) v_b=(-0.012,-0.006)
[DBG_DIR t=02600] pos_w=(+12.718,+4.753) v_w=(-0.088,-0.052) v_b=(+0.082,+0.052)
[DBG_DIR t=02800] pos_w=(+12.728,+4.777) v_w=(+0.111,+0.161) v_b=(-0.106,-0.167)
[DBG_DIR t=03000] pos_w=(+12.707,+4.782) v_w=(-0.063,+0.064) v_b=(+0.043,+0.004)
[DBG_DIR t=03200] pos_w=(+12.720,+4.767) v_w=(-0.095,-0.058) v_b=(+0.085,+0.065)
[DBG_DIR t=03400] pos_w=(+12.722,+4.775) v_w=(+0.098,+0.035) v_b=(-0.100,-0.033)
[DBG_DIR t=03600] pos_w=(+12.713,+4.766) v_w=(-0.044,+0.004) v_b=(+0.035,+0.026)
[DBG_DIR t=03800] pos_w=(+12.730,+4.774) v_w=(-0.030,-0.065) v_b=(+0.034,+0.032)
[DBG_DIR t=04000] pos_w=(+12.714,+4.779) v_w=(+0.081,-0.032) v_b=(-0.082,+0.031)
[DBG_DIR t=04200] pos_w=(+12.714,+4.757) v_w=(-0.020,-0.013) v_b=(+0.016,+0.022)
[DBG_DIR t=04400] pos_w=(+12.737,+4.788) v_w=(+0.145,+0.012) v_b=(-0.100,-0.076)
[DBG_DIR t=04600] pos_w=(+12.705,+4.787) v_w=(+0.028,+0.012) v_b=(-0.033,+0.006)
[DBG_DIR t=04800] pos_w=(+12.714,+4.770) v_w=(-0.064,-0.012) v_b=(+0.062,+0.020)
[DBG_DIR t=05000] pos_w=(+12.728,+4.780) v_w=(+0.083,+0.022) v_b=(-0.081,-0.028)
[DBG_DIR t=05200] pos_w=(+12.714,+4.768) v_w=(-0.010,+0.087) v_b=(-0.001,-0.015)
[DBG_DIR t=05400] pos_w=(+12.725,+4.778) v_w=(-0.139,-0.002) v_b=(+0.145,+0.011)
[DBG_DIR t=05600] pos_w=(+12.716,+4.782) v_w=(+0.071,-0.067) v_b=(-0.075,+0.066)
[DBG_DIR t=05800] pos_w=(+12.715,+4.757) v_w=(+0.014,+0.011) v_b=(-0.016,+0.014)
[DBG_DIR t=06000] pos_w=(+12.740,+4.788) v_w=(-0.114,-0.026) v_b=(+0.129,+0.010)
[DBG_DIR t=06200] pos_w=(+12.707,+4.791) v_w=(+0.079,-0.032) v_b=(-0.081,+0.034)
[DBG_DIR t=06400] pos_w=(+12.711,+4.774) v_w=(-0.028,+0.008) v_b=(+0.026,+0.006)
[DBG_DIR t=06600] pos_w=(+12.728,+4.777) v_w=(+0.040,-0.078) v_b=(-0.034,+0.018)
[DBG_DIR t=06800] pos_w=(+12.714,+4.781) v_w=(+0.064,+0.019) v_b=(-0.069,-0.007)
[DBG_DIR t=07000] pos_w=(+12.722,+4.772) v_w=(-0.101,-0.031) v_b=(+0.104,+0.032)
[DBG_DIR t=07200] pos_w=(+12.728,+4.787) v_w=(+0.086,+0.056) v_b=(-0.066,-0.085)
[DBG_DIR t=07400] pos_w=(+12.708,+4.795) v_w=(+0.020,-0.011) v_b=(-0.024,+0.020)
[DBG_DIR t=07600] pos_w=(+12.722,+4.760) v_w=(-0.074,-0.059) v_b=(+0.065,+0.061)
[DBG_DIR t=07800] pos_w=(+12.734,+4.785) v_w=(+0.087,+0.151) v_b=(-0.076,-0.158)
[DBG_DIR t=08000] pos_w=(+12.702,+4.799) v_w=(-0.079,+0.081) v_b=(+0.076,-0.023)
[DBG_DIR t=08200] pos_w=(+12.722,+4.775) v_w=(-0.085,-0.075) v_b=(+0.073,+0.082)
[DBG_DIR t=08400] pos_w=(+12.724,+4.784) v_w=(+0.094,+0.056) v_b=(-0.095,-0.056)
[DBG_DIR t=08600] pos_w=(+12.712,+4.783) v_w=(-0.072,+0.015) v_b=(+0.067,+0.014)
[DBG_DIR t=08800] pos_w=(+12.730,+4.782) v_w=(-0.019,-0.070) v_b=(+0.018,+0.042)
[DBG_DIR t=09000] pos_w=(+12.717,+4.788) v_w=(+0.077,-0.012) v_b=(-0.081,+0.017)
[DBG_DIR t=09200] pos_w=(+12.718,+4.770) v_w=(-0.036,+0.003) v_b=(+0.034,+0.009)
[DBG_DIR t=09400] pos_w=(+12.739,+4.792) v_w=(+0.139,-0.034) v_b=(-0.102,-0.028)
[DBG_DIR t=09600] pos_w=(+12.712,+4.789) v_w=(+0.034,+0.019) v_b=(-0.039,-0.001)
[DBG_DIR t=09800] pos_w=(+12.719,+4.786) v_w=(-0.092,+0.023) v_b=(+0.096,-0.006)
[DBG_DIR t=10000] pos_w=(+12.728,+4.788) v_w=(+0.095,-0.031) v_b=(-0.097,+0.022)
[DBG_DIR t=10200] pos_w=(+3.848,+4.193) v_w=(+0.303,-0.277) v_b=(+0.344,-0.312)
[DBG_DIR t=10400] pos_w=(+3.917,+4.122) v_w=(-0.141,-0.076) v_b=(-0.122,-0.122)
[DBG_DIR t=10600] pos_w=(+3.907,+4.063) v_w=(+0.073,-0.289) v_b=(+0.094,-0.137)
[DBG_DIR t=10800] pos_w=(+4.213,+4.401) v_w=(-0.168,+0.104) v_b=(+0.190,+0.078)
[DBG_DIR t=11000] pos_w=(+4.010,+4.528) v_w=(-0.769,+0.322) v_b=(+0.587,+0.513)
[DBG_DIR t=11200] pos_w=(+3.820,+4.613) v_w=(-0.445,+0.285) v_b=(+0.469,+0.327)
[DBG_DIR t=11400] pos_w=(+3.444,+3.728) v_w=(-0.157,-0.167) v_b=(+0.225,+0.041)
[DBG_DIR t=11600] pos_w=(+3.264,+3.529) v_w=(-0.423,-0.523) v_b=(+0.655,+0.258)
[DBG_DIR t=11800] pos_w=(+3.076,+3.307) v_w=(-0.006,-0.516) v_b=(-0.045,+0.334)
[DBG_DIR t=12000] pos_w=(+3.290,+3.575) v_w=(-0.102,-0.460) v_b=(+0.329,-0.311)
[DBG_DIR t=12200] pos_w=(+3.179,+3.384) v_w=(-0.290,-0.786) v_b=(+0.604,-0.578)
[DBG_DIR t=12400] pos_w=(+4.465,+3.136) v_w=(+0.469,-0.294) v_b=(+0.473,+0.305)
[DBG_DIR t=12600] pos_w=(+4.704,+3.033) v_w=(+0.514,-0.104) v_b=(+0.360,+0.452)
[DBG_DIR t=12800] pos_w=(+4.528,+3.665) v_w=(+0.357,-0.118) v_b=(-0.098,+0.366)
[DBG_DIR t=13000] pos_w=(+4.570,+3.624) v_w=(-0.052,-0.050) v_b=(+0.051,-0.073)
[DBG_DIR t=13200] pos_w=(+4.587,+3.650) v_w=(-0.014,+0.094) v_b=(-0.074,-0.037)
[DBG_DIR t=13400] pos_w=(+4.594,+3.665) v_w=(+0.069,+0.227) v_b=(-0.243,+0.003)
[DBG_DIR t=13600] pos_w=(+4.606,+3.725) v_w=(+0.080,-0.115) v_b=(+0.056,+0.109)
[DBG_DIR t=13800] pos_w=(+4.656,+3.760) v_w=(+0.010,+0.172) v_b=(-0.162,-0.031)
[DBG_DIR t=14000] pos_w=(+4.649,+3.773) v_w=(+0.118,+0.164) v_b=(-0.201,+0.071)
[DBG_DIR t=14200] pos_w=(+4.664,+3.850) v_w=(+0.049,-0.067) v_b=(+0.056,+0.090)
[DBG_DIR t=14400] pos_w=(+4.712,+3.875) v_w=(+0.009,+0.160) v_b=(-0.157,+0.013)
[DBG_DIR t=14600] pos_w=(+4.697,+3.887) v_w=(+0.176,+0.146) v_b=(-0.192,+0.094)
[DBG_DIR t=14800] pos_w=(+4.708,+3.974) v_w=(+0.016,+0.058) v_b=(-0.042,+0.038)

===== Rudin-terrain evaluation =====
  mean_terrain_level: 0.7910129957932692
  lin_vel_track_err: 0.26462205436596503
  ang_vel_track_err: 0.6588904752181126
  fall_rate: 0.9184924161176651
  mean_reset_distance: 0.9797499817656931
  n_falls: 5995
  n_timeouts: 532
  corrupt_l1: 0.031182643418701795
  channel_l1: 0.031182643418701795
  terrain_level_hist: [898, 47, 43, 22, 14, 0, 0, 0, 0, 0]
  terrain_level_hist_start: [411, 184, 138, 131, 107, 53, 0, 0, 0, 0]

[eval] Wrote results/saliency/eval_results_hobs_zero.json
[eval] Wrote results/saliency/eval_results_hobs_zero.csv
