Importing module 'gym_38' (/home/jakub/isaacgym/python/isaacgym/_bindings/linux-x86_64/gym_38.so)
Setting GYM_USD_PLUG_INFO_PATH to /home/jakub/isaacgym/python/isaacgym/_bindings/linux-x86_64/usd/plugInfo.json
PyTorch version 1.13.1+cu117
Device count 1
/home/jakub/isaacgym/python/isaacgym/_bindings/src/gymtorch
Using /home/jakub/.cache/torch_extensions/py38_cu117 as PyTorch extensions root...
Emitting ninja build file /home/jakub/.cache/torch_extensions/py38_cu117/gymtorch/build.ninja...
Building extension module gymtorch...
Allowing ninja to set a default number of workers... (overridable by setting the environment variable MAX_JOBS=N)
ninja: no work to do.
[SRBD] Custom CUDA kernel active (CUDA_KERNEL_SRBD=True in config.py).
[physx] rudin buffers: default_buffer_size_multiplier=5.0 max_gpu_contact_pairs=8388608
[env] creating PhysX simulation
Not connected to PVD
+++ Using GPU PhysX
Physics Engine: PhysX
Physics Device: cuda:0
GPU Pipeline: enabled
[env] simulation created
[Terrain] terrain_type='rudin' -> using Rudin curriculum-grid landscape
[terrain] adding Rudin curriculum-grid triangle mesh
[terrain] Rudin curriculum-grid mesh added
[env] loading asset go2_description.urdf from /home/jakub/projects/BachelorThesis
[Error] [carb.gym.plugin] Failed to resolve visual mesh 'dae/base.dae'
[Error] [carb.gym.plugin] Failed to resolve visual mesh 'dae/hip.dae'
[Error] [carb.gym.plugin] Failed to resolve visual mesh 'dae/thigh.dae'
[Error] [carb.gym.plugin] Failed to resolve visual mesh 'dae/calf.dae'
[Error] [carb.gym.plugin] Failed to resolve visual mesh 'dae/foot.dae'
[Error] [carb.gym.plugin] Failed to resolve visual mesh 'dae/hip.dae'
[Error] [carb.gym.plugin] Failed to resolve visual mesh 'dae/thigh_mirror.dae'
[Error] [carb.gym.plugin] Failed to resolve visual mesh 'dae/calf_mirror.dae'
[Error] [carb.gym.plugin] Failed to resolve visual mesh 'dae/foot.dae'
[Error] [carb.gym.plugin] Failed to resolve visual mesh 'dae/hip.dae'
[Error] [carb.gym.plugin] Failed to resolve visual mesh 'dae/thigh.dae'
[Error] [carb.gym.plugin] Failed to resolve visual mesh 'dae/calf.dae'
[Error] [carb.gym.plugin] Failed to resolve visual mesh 'dae/foot.dae'
[Error] [carb.gym.plugin] Failed to resolve visual mesh 'dae/hip.dae'
[Error] [carb.gym.plugin] Failed to resolve visual mesh 'dae/thigh_mirror.dae'
[Error] [carb.gym.plugin] Failed to resolve visual mesh 'dae/calf_mirror.dae'
[Error] [carb.gym.plugin] Failed to resolve visual mesh 'dae/foot.dae'

[DBG] Asset DOFs in order:
  00: FL_hip_joint
  01: FL_thigh_joint
  02: FL_calf_joint
  03: FR_hip_joint
  04: FR_thigh_joint
  05: FR_calf_joint
  06: RL_hip_joint
  07: RL_thigh_joint
  08: RL_calf_joint
  09: RR_hip_joint
  10: RR_thigh_joint
  11: RR_calf_joint

[DBG] Mapping to key12:
  FL_hip       -> asset dof idx 0
  FL_thigh     -> asset dof idx 1
  FL_calf      -> asset dof idx 2
  FR_hip       -> asset dof idx 3
  FR_thigh     -> asset dof idx 4
  FR_calf      -> asset dof idx 5
  RL_hip       -> asset dof idx 6
  RL_thigh     -> asset dof idx 7
  RL_calf      -> asset dof idx 8
  RR_hip       -> asset dof idx 9
  RR_thigh     -> asset dof idx 10
  RR_calf      -> asset dof idx 11
[DBG] ctrl_idx (key12 -> raw_names index): [0, 1, 2, 3, 4, 5, 6, 7, 8, 9, 10, 11]
[OK] key12 order is [FL*3, FR*3, RL*3, RR*3]
[INFO] feet_local rigid bodies (FL,FR,RL,RR idx): [4, 8, 14, 18]
[env] isaac env-grid origins: x [0.00, 0.00] y [0.00, 0.00] (spacing=0.0, num_per_row=32)
[env] rudin actor create poses: x [4.00, 44.00] y [4.00, 156.00] z [-0.91, 1.61]
Loading extension module gymtorch...
driveMode unique (after set): {1}
stiffness range: 60.0 – 60.0
damping   range: 2.0 – 2.0
[DBG] lower[12] = [-1.0472 -1.5708 -2.7227 -1.0472 -1.5708 -2.7227 -1.0472 -0.5236 -2.7227
 -1.0472 -0.5236 -2.7227]
[DBG] upper[12] = [ 1.0472   3.4907  -0.83776  1.0472   3.4907  -0.83776  1.0472   4.5379
 -0.83776  1.0472   4.5379  -0.83776]
[DBG] effort[12] = [23.7  23.7  45.43 23.7  23.7  45.43 23.7  23.7  45.43 23.7  23.7  45.43]
[INFO] Jacobian detected as floating-base: cols=18, dof_count=12, offset=6
[CHECK] foot_jacobians shape: (1024, 4, 3, 18)  (B,4,3,cols)
[CHECK] J12 shape: (1024, 4, 3, 12)  (B,4,3,12)
[CHECK] ||J12||: 31.845705032348633
Warp 1.0.2 initialized:
   CUDA Toolkit 11.5, Driver 13.0
   Devices:
     "cpu"      : "x86_64"
     "cuda:0"   : "NVIDIA GeForce GTX 1660 Ti" (6 GiB, sm_75, mempool enabled)
   Kernel cache:
     /home/jakub/.cache/warp/1.0.2
[perception] collector ready (B=1024, device=cuda, terrain_type=rudin).
[eval] Loaded policy weights from results/train/hobs_s0/quad_diffsim_srbd_align_multi_robot.pth.
[eval] Evaluating on Rudin terrain: B=1024, seed=0, steps=15000, warmup=2000, episode_length_s=20.0
[DBG_DIR t=00000] pos_w=(+12.570,+4.868) v_w=(-0.110,-0.018) v_b=(+0.111,+0.004)
[DBG_DIR t=00200] pos_w=(+12.598,+4.788) v_w=(+0.184,-0.232) v_b=(-0.177,+0.194)
[DBG_DIR t=00400] pos_w=(+12.673,+4.780) v_w=(-0.058,-0.016) v_b=(+0.056,+0.031)
[DBG_DIR t=00600] pos_w=(+12.685,+4.773) v_w=(+0.144,-0.004) v_b=(-0.150,+0.018)
[DBG_DIR t=00800] pos_w=(+12.691,+4.760) v_w=(+0.007,+0.032) v_b=(-0.012,+0.002)
[DBG_DIR t=01000] pos_w=(+12.714,+4.786) v_w=(-0.094,+0.002) v_b=(+0.096,+0.003)
[DBG_DIR t=01200] pos_w=(+12.698,+4.784) v_w=(+0.095,-0.052) v_b=(-0.103,+0.074)
[DBG_DIR t=01400] pos_w=(+12.706,+4.752) v_w=(-0.001,-0.005) v_b=(-0.004,+0.027)
[DBG_DIR t=01600] pos_w=(+12.728,+4.774) v_w=(+0.016,-0.052) v_b=(-0.000,+0.004)
[DBG_DIR t=01800] pos_w=(+12.703,+4.774) v_w=(+0.067,+0.021) v_b=(-0.070,-0.010)
[DBG_DIR t=02000] pos_w=(+12.707,+4.760) v_w=(-0.082,-0.036) v_b=(+0.080,+0.039)
[DBG_DIR t=02200] pos_w=(+12.721,+4.777) v_w=(+0.077,+0.006) v_b=(-0.066,-0.025)
[DBG_DIR t=02400] pos_w=(+12.702,+4.770) v_w=(+0.042,+0.019) v_b=(-0.044,-0.011)
[DBG_DIR t=02600] pos_w=(+12.713,+4.763) v_w=(-0.124,-0.057) v_b=(+0.123,+0.054)
[DBG_DIR t=02800] pos_w=(+12.716,+4.777) v_w=(+0.086,+0.039) v_b=(-0.087,-0.038)
[DBG_DIR t=03000] pos_w=(+12.701,+4.768) v_w=(-0.010,+0.063) v_b=(+0.010,-0.028)
[DBG_DIR t=03200] pos_w=(+12.719,+4.768) v_w=(-0.130,-0.066) v_b=(+0.129,+0.060)
[DBG_DIR t=03400] pos_w=(+12.711,+4.776) v_w=(+0.083,+0.059) v_b=(-0.089,-0.050)
[DBG_DIR t=03600] pos_w=(+12.701,+4.766) v_w=(-0.032,+0.008) v_b=(+0.030,+0.015)
[DBG_DIR t=03800] pos_w=(+12.723,+4.772) v_w=(-0.044,-0.081) v_b=(+0.050,+0.050)
[DBG_DIR t=04000] pos_w=(+12.706,+4.773) v_w=(+0.070,+0.065) v_b=(-0.076,-0.053)
[DBG_DIR t=04200] pos_w=(+12.703,+4.768) v_w=(-0.067,-0.006) v_b=(+0.064,+0.019)
[DBG_DIR t=04400] pos_w=(+12.721,+4.778) v_w=(+0.103,-0.062) v_b=(-0.078,+0.017)
[DBG_DIR t=04600] pos_w=(+12.703,+4.771) v_w=(+0.049,+0.045) v_b=(-0.052,-0.034)
[DBG_DIR t=04800] pos_w=(+12.707,+4.768) v_w=(-0.106,-0.025) v_b=(+0.104,+0.030)
[DBG_DIR t=05000] pos_w=(+12.716,+4.780) v_w=(+0.102,+0.009) v_b=(-0.100,-0.012)
[DBG_DIR t=05200] pos_w=(+12.700,+4.769) v_w=(+0.013,+0.046) v_b=(-0.016,-0.028)
[DBG_DIR t=05400] pos_w=(+12.713,+4.771) v_w=(-0.131,-0.038) v_b=(+0.129,+0.042)
[DBG_DIR t=05600] pos_w=(+12.710,+4.780) v_w=(+0.100,+0.034) v_b=(-0.106,-0.023)
[DBG_DIR t=05800] pos_w=(+12.700,+4.766) v_w=(-0.026,+0.038) v_b=(+0.023,-0.006)
[DBG_DIR t=06000] pos_w=(+12.719,+4.773) v_w=(-0.105,-0.053) v_b=(+0.104,+0.047)
[DBG_DIR t=06200] pos_w=(+12.705,+4.778) v_w=(+0.071,+0.047) v_b=(-0.081,-0.029)
[DBG_DIR t=06400] pos_w=(+12.701,+4.766) v_w=(-0.048,+0.001) v_b=(+0.044,+0.017)
[DBG_DIR t=06600] pos_w=(+12.721,+4.778) v_w=(+0.036,-0.068) v_b=(-0.020,+0.023)
[DBG_DIR t=06800] pos_w=(+12.702,+4.776) v_w=(+0.053,+0.031) v_b=(-0.059,-0.016)
[DBG_DIR t=07000] pos_w=(+12.705,+4.767) v_w=(-0.091,-0.028) v_b=(+0.090,+0.032)
[DBG_DIR t=07200] pos_w=(+12.717,+4.782) v_w=(+0.087,+0.002) v_b=(-0.077,-0.017)
[DBG_DIR t=07400] pos_w=(+12.699,+4.775) v_w=(+0.041,+0.013) v_b=(-0.042,-0.009)
[DBG_DIR t=07600] pos_w=(+12.710,+4.769) v_w=(-0.125,-0.054) v_b=(+0.126,+0.049)
[DBG_DIR t=07800] pos_w=(+12.713,+4.782) v_w=(+0.090,+0.030) v_b=(-0.091,-0.027)
[DBG_DIR t=08000] pos_w=(+12.699,+4.775) v_w=(-0.017,+0.038) v_b=(+0.018,-0.025)
[DBG_DIR t=08200] pos_w=(+12.718,+4.771) v_w=(-0.128,-0.069) v_b=(+0.128,+0.062)
[DBG_DIR t=08400] pos_w=(+12.710,+4.780) v_w=(+0.081,+0.069) v_b=(-0.088,-0.059)
[DBG_DIR t=08600] pos_w=(+12.700,+4.773) v_w=(-0.043,+0.007) v_b=(+0.041,+0.014)
[DBG_DIR t=08800] pos_w=(+12.722,+4.777) v_w=(-0.038,-0.079) v_b=(+0.046,+0.048)
[DBG_DIR t=09000] pos_w=(+12.705,+4.778) v_w=(+0.067,+0.057) v_b=(-0.074,-0.043)
[DBG_DIR t=09200] pos_w=(+12.703,+4.771) v_w=(-0.064,-0.005) v_b=(+0.062,+0.016)
[DBG_DIR t=09400] pos_w=(+12.721,+4.782) v_w=(+0.107,-0.057) v_b=(-0.080,+0.014)
[DBG_DIR t=09600] pos_w=(+12.702,+4.775) v_w=(+0.047,+0.042) v_b=(-0.051,-0.031)
[DBG_DIR t=09800] pos_w=(+12.707,+4.773) v_w=(-0.109,-0.025) v_b=(+0.108,+0.029)
[DBG_DIR t=10000] pos_w=(+12.715,+4.784) v_w=(+0.106,+0.006) v_b=(-0.104,-0.007)
[DBG_DIR t=10200] pos_w=(+4.669,+3.399) v_w=(-0.483,-0.011) v_b=(-0.327,-0.321)
[DBG_DIR t=10400] pos_w=(+4.661,+3.768) v_w=(-0.000,-0.001) v_b=(+0.000,-0.001)
[DBG_DIR t=10600] pos_w=(+4.744,+3.598) v_w=(+0.250,-0.597) v_b=(+0.604,-0.261)
[DBG_DIR t=10800] pos_w=(+4.860,+3.447) v_w=(+0.431,-0.332) v_b=(+0.486,-0.239)
[DBG_DIR t=11000] pos_w=(+5.042,+3.311) v_w=(+0.467,-0.193) v_b=(+0.494,-0.082)
[DBG_DIR t=11200] pos_w=(+5.150,+3.287) v_w=(+0.024,-0.157) v_b=(+0.112,-0.149)
[DBG_DIR t=11400] pos_w=(+5.259,+3.187) v_w=(+0.186,-0.463) v_b=(+0.429,-0.096)
[DBG_DIR t=11600] pos_w=(+5.300,+3.087) v_w=(+0.103,-0.339) v_b=(+0.427,+0.010)
[DBG_DIR t=11800] pos_w=(+5.273,+2.908) v_w=(-0.304,-0.551) v_b=(+0.442,-0.540)
[DBG_DIR t=12000] pos_w=(+3.084,+4.282) v_w=(+0.177,+0.325) v_b=(+0.166,+0.338)
[DBG_DIR t=12200] pos_w=(+3.162,+4.329) v_w=(+0.016,+0.102) v_b=(+0.010,-0.007)
[DBG_DIR t=12400] pos_w=(+3.151,+4.303) v_w=(+0.059,-0.168) v_b=(+0.065,-0.153)
[DBG_DIR t=12600] pos_w=(+3.173,+4.319) v_w=(-0.022,+0.002) v_b=(-0.018,+0.039)
[DBG_DIR t=12800] pos_w=(+3.199,+4.324) v_w=(+0.188,+0.198) v_b=(+0.181,+0.124)
[DBG_DIR t=13000] pos_w=(+3.208,+4.361) v_w=(+0.031,-0.052) v_b=(+0.057,+0.002)
[DBG_DIR t=13200] pos_w=(+3.208,+4.313) v_w=(-0.196,-0.136) v_b=(-0.216,-0.056)
[DBG_DIR t=13400] pos_w=(+3.200,+4.334) v_w=(+0.209,+0.262) v_b=(+0.236,+0.228)
[DBG_DIR t=13600] pos_w=(+3.245,+4.434) v_w=(+0.172,+0.172) v_b=(+0.241,+0.297)
[DBG_DIR t=13800] pos_w=(+3.342,+4.571) v_w=(+0.228,+0.579) v_b=(+0.209,+0.494)
[DBG_DIR t=14000] pos_w=(+3.224,+3.664) v_w=(-0.375,+0.595) v_b=(+0.703,-0.176)
[DBG_DIR t=14200] pos_w=(+3.116,+3.911) v_w=(-0.195,+0.497) v_b=(+0.538,-0.355)
[DBG_DIR t=14400] pos_w=(+4.953,+3.489) v_w=(+0.022,+0.182) v_b=(+0.182,+0.020)
[DBG_DIR t=14600] pos_w=(+4.977,+3.699) v_w=(+0.041,+0.492) v_b=(+0.479,+0.109)
[DBG_DIR t=14800] pos_w=(+4.999,+3.938) v_w=(+0.081,+0.633) v_b=(+0.615,+0.029)

===== Rudin-terrain evaluation =====
  mean_terrain_level: 0.7593405198317308
  lin_vel_track_err: 0.266905737183415
  ang_vel_track_err: 0.6410809025168419
  fall_rate: 0.9249405469678954
  mean_reset_distance: 0.9777762287935324
  n_falls: 6223
  n_timeouts: 505
  corrupt_l1: 0.0
  channel_l1: 0.03146498995188337
  terrain_level_hist: [897, 52, 34, 32, 8, 1, 0, 0, 0, 0]
  terrain_level_hist_start: [432, 146, 155, 134, 110, 47, 0, 0, 0, 0]

[eval] Wrote results/saliency/eval_results_hobs_none.json
[eval] Wrote results/saliency/eval_results_hobs_none.csv
