Importing module 'gym_38' (/home/jakub/isaacgym/python/isaacgym/_bindings/linux-x86_64/gym_38.so)
Setting GYM_USD_PLUG_INFO_PATH to /home/jakub/isaacgym/python/isaacgym/_bindings/linux-x86_64/usd/plugInfo.json
PyTorch version 1.13.1+cu117
Device count 1
/home/jakub/isaacgym/python/isaacgym/_bindings/src/gymtorch
Using /home/jakub/.cache/torch_extensions/py38_cu117 as PyTorch extensions root...
Emitting ninja build file /home/jakub/.cache/torch_extensions/py38_cu117/gymtorch/build.ninja...
Building extension module gymtorch...
Allowing ninja to set a default number of workers... (overridable by setting the environment variable MAX_JOBS=N)
ninja: no work to do.
[SRBD] Custom CUDA kernel active (CUDA_KERNEL_SRBD=True in config.py).
[physx] rudin buffers: default_buffer_size_multiplier=5.0 max_gpu_contact_pairs=8388608
[env] creating PhysX simulation
Not connected to PVD
+++ Using GPU PhysX
Physics Engine: PhysX
Physics Device: cuda:0
GPU Pipeline: enabled
[env] simulation created
[Terrain] terrain_type='rudin' -> using Rudin curriculum-grid landscape
[terrain] adding Rudin curriculum-grid triangle mesh
[terrain] Rudin curriculum-grid mesh added
[env] loading asset go2_description.urdf from /home/jakub/projects/BachelorThesis
[Error] [carb.gym.plugin] Failed to resolve visual mesh 'dae/base.dae'
[Error] [carb.gym.plugin] Failed to resolve visual mesh 'dae/hip.dae'
[Error] [carb.gym.plugin] Failed to resolve visual mesh 'dae/thigh.dae'
[Error] [carb.gym.plugin] Failed to resolve visual mesh 'dae/calf.dae'
[Error] [carb.gym.plugin] Failed to resolve visual mesh 'dae/foot.dae'
[Error] [carb.gym.plugin] Failed to resolve visual mesh 'dae/hip.dae'
[Error] [carb.gym.plugin] Failed to resolve visual mesh 'dae/thigh_mirror.dae'
[Error] [carb.gym.plugin] Failed to resolve visual mesh 'dae/calf_mirror.dae'
[Error] [carb.gym.plugin] Failed to resolve visual mesh 'dae/foot.dae'
[Error] [carb.gym.plugin] Failed to resolve visual mesh 'dae/hip.dae'
[Error] [carb.gym.plugin] Failed to resolve visual mesh 'dae/thigh.dae'
[Error] [carb.gym.plugin] Failed to resolve visual mesh 'dae/calf.dae'
[Error] [carb.gym.plugin] Failed to resolve visual mesh 'dae/foot.dae'
[Error] [carb.gym.plugin] Failed to resolve visual mesh 'dae/hip.dae'
[Error] [carb.gym.plugin] Failed to resolve visual mesh 'dae/thigh_mirror.dae'
[Error] [carb.gym.plugin] Failed to resolve visual mesh 'dae/calf_mirror.dae'
[Error] [carb.gym.plugin] Failed to resolve visual mesh 'dae/foot.dae'

[DBG] Asset DOFs in order:
  00: FL_hip_joint
  01: FL_thigh_joint
  02: FL_calf_joint
  03: FR_hip_joint
  04: FR_thigh_joint
  05: FR_calf_joint
  06: RL_hip_joint
  07: RL_thigh_joint
  08: RL_calf_joint
  09: RR_hip_joint
  10: RR_thigh_joint
  11: RR_calf_joint

[DBG] Mapping to key12:
  FL_hip       -> asset dof idx 0
  FL_thigh     -> asset dof idx 1
  FL_calf      -> asset dof idx 2
  FR_hip       -> asset dof idx 3
  FR_thigh     -> asset dof idx 4
  FR_calf      -> asset dof idx 5
  RL_hip       -> asset dof idx 6
  RL_thigh     -> asset dof idx 7
  RL_calf      -> asset dof idx 8
  RR_hip       -> asset dof idx 9
  RR_thigh     -> asset dof idx 10
  RR_calf      -> asset dof idx 11
[DBG] ctrl_idx (key12 -> raw_names index): [0, 1, 2, 3, 4, 5, 6, 7, 8, 9, 10, 11]
[OK] key12 order is [FL*3, FR*3, RL*3, RR*3]
[INFO] feet_local rigid bodies (FL,FR,RL,RR idx): [4, 8, 14, 18]
[env] isaac env-grid origins: x [0.00, 0.00] y [0.00, 0.00] (spacing=0.0, num_per_row=32)
[env] rudin actor create poses: x [4.00, 44.00] y [4.00, 156.00] z [-0.91, 1.61]
Loading extension module gymtorch...
driveMode unique (after set): {1}
stiffness range: 60.0 – 60.0
damping   range: 2.0 – 2.0
[DBG] lower[12] = [-1.0472 -1.5708 -2.7227 -1.0472 -1.5708 -2.7227 -1.0472 -0.5236 -2.7227
 -1.0472 -0.5236 -2.7227]
[DBG] upper[12] = [ 1.0472   3.4907  -0.83776  1.0472   3.4907  -0.83776  1.0472   4.5379
 -0.83776  1.0472   4.5379  -0.83776]
[DBG] effort[12] = [23.7  23.7  45.43 23.7  23.7  45.43 23.7  23.7  45.43 23.7  23.7  45.43]
[INFO] Jacobian detected as floating-base: cols=18, dof_count=12, offset=6
[CHECK] foot_jacobians shape: (1024, 4, 3, 18)  (B,4,3,cols)
[CHECK] J12 shape: (1024, 4, 3, 12)  (B,4,3,12)
[CHECK] ||J12||: 31.845705032348633
Warp 1.0.2 initialized:
   CUDA Toolkit 11.5, Driver 13.0
   Devices:
     "cpu"      : "x86_64"
     "cuda:0"   : "NVIDIA GeForce GTX 1660 Ti" (6 GiB, sm_75, mempool enabled)
   Kernel cache:
     /home/jakub/.cache/warp/1.0.2
[perception] collector ready (B=1024, device=cuda, terrain_type=rudin).
[eval] Loaded policy weights from results/train/height_s0/quad_diffsim_srbd_align_multi_robot.pth.
[eval] Evaluating on Rudin terrain: B=1024, seed=0, steps=15000, warmup=2000, episode_length_s=20.0
[DBG_DIR t=00000] pos_w=(+12.570,+4.868) v_w=(-0.112,-0.019) v_b=(+0.113,+0.005)
[DBG_DIR t=00200] pos_w=(+12.605,+4.788) v_w=(+0.190,-0.222) v_b=(-0.179,+0.184)
[DBG_DIR t=00400] pos_w=(+12.678,+4.777) v_w=(-0.032,-0.031) v_b=(+0.027,+0.042)
[DBG_DIR t=00600] pos_w=(+12.693,+4.770) v_w=(+0.135,+0.025) v_b=(-0.139,-0.014)
[DBG_DIR t=00800] pos_w=(+12.692,+4.764) v_w=(-0.028,-0.006) v_b=(+0.022,+0.029)
[DBG_DIR t=01000] pos_w=(+12.713,+4.770) v_w=(-0.068,-0.032) v_b=(+0.067,+0.025)
[DBG_DIR t=01200] pos_w=(+12.705,+4.773) v_w=(+0.082,+0.013) v_b=(-0.088,+0.001)
[DBG_DIR t=01400] pos_w=(+12.707,+4.749) v_w=(-0.017,-0.047) v_b=(+0.009,+0.059)
[DBG_DIR t=01600] pos_w=(+12.728,+4.771) v_w=(+0.035,-0.016) v_b=(-0.019,-0.026)
[DBG_DIR t=01800] pos_w=(+12.702,+4.767) v_w=(+0.039,+0.005) v_b=(-0.044,+0.010)
[DBG_DIR t=02000] pos_w=(+12.709,+4.761) v_w=(-0.084,-0.050) v_b=(+0.083,+0.049)
[DBG_DIR t=02200] pos_w=(+12.721,+4.770) v_w=(+0.116,+0.027) v_b=(-0.102,-0.048)
[DBG_DIR t=02400] pos_w=(+12.708,+4.759) v_w=(+0.019,+0.025) v_b=(-0.023,-0.008)
[DBG_DIR t=02600] pos_w=(+12.720,+4.762) v_w=(-0.118,-0.049) v_b=(+0.118,+0.046)
[DBG_DIR t=02800] pos_w=(+12.721,+4.768) v_w=(+0.108,+0.032) v_b=(-0.105,-0.037)
[DBG_DIR t=03000] pos_w=(+12.713,+4.757) v_w=(-0.006,+0.023) v_b=(+0.003,+0.002)
[DBG_DIR t=03200] pos_w=(+12.733,+4.764) v_w=(-0.119,-0.045) v_b=(+0.118,+0.044)
[DBG_DIR t=03400] pos_w=(+12.723,+4.766) v_w=(+0.085,+0.031) v_b=(-0.088,-0.026)
[DBG_DIR t=03600] pos_w=(+12.721,+4.755) v_w=(-0.033,-0.030) v_b=(+0.028,+0.044)
[DBG_DIR t=03800] pos_w=(+12.743,+4.765) v_w=(-0.028,-0.047) v_b=(+0.033,+0.026)
[DBG_DIR t=04000] pos_w=(+12.725,+4.762) v_w=(+0.061,+0.035) v_b=(-0.065,-0.025)
[DBG_DIR t=04200] pos_w=(+12.728,+4.755) v_w=(-0.065,-0.041) v_b=(+0.058,+0.049)
[DBG_DIR t=04400] pos_w=(+12.745,+4.766) v_w=(+0.141,-0.010) v_b=(-0.115,-0.038)
[DBG_DIR t=04600] pos_w=(+12.728,+4.759) v_w=(+0.030,+0.030) v_b=(-0.035,-0.012)
[DBG_DIR t=04800] pos_w=(+12.737,+4.755) v_w=(-0.097,-0.045) v_b=(+0.092,+0.049)
[DBG_DIR t=05000] pos_w=(+12.744,+4.764) v_w=(+0.118,+0.053) v_b=(-0.111,-0.064)
[DBG_DIR t=05200] pos_w=(+12.732,+4.755) v_w=(+0.018,+0.069) v_b=(-0.022,-0.033)
[DBG_DIR t=05400] pos_w=(+12.748,+4.757) v_w=(-0.118,-0.040) v_b=(+0.113,+0.048)
[DBG_DIR t=05600] pos_w=(+12.744,+4.760) v_w=(+0.096,+0.049) v_b=(-0.097,-0.048)
[DBG_DIR t=05800] pos_w=(+12.737,+4.752) v_w=(-0.021,+0.008) v_b=(+0.016,+0.019)
[DBG_DIR t=06000] pos_w=(+12.759,+4.757) v_w=(-0.086,-0.043) v_b=(+0.083,+0.043)
[DBG_DIR t=06200] pos_w=(+12.745,+4.757) v_w=(+0.068,+0.032) v_b=(-0.072,-0.023)
[DBG_DIR t=06400] pos_w=(+12.744,+4.750) v_w=(-0.053,-0.023) v_b=(+0.047,+0.037)
[DBG_DIR t=06600] pos_w=(+12.765,+4.759) v_w=(+0.057,-0.044) v_b=(-0.047,-0.001)
[DBG_DIR t=06800] pos_w=(+12.747,+4.753) v_w=(+0.041,+0.027) v_b=(-0.046,-0.012)
[DBG_DIR t=07000] pos_w=(+12.753,+4.750) v_w=(-0.095,-0.041) v_b=(+0.091,+0.048)
[DBG_DIR t=07200] pos_w=(+12.765,+4.760) v_w=(+0.119,+0.020) v_b=(-0.104,-0.050)
[DBG_DIR t=07400] pos_w=(+12.751,+4.750) v_w=(+0.023,+0.028) v_b=(-0.025,-0.011)
[DBG_DIR t=07600] pos_w=(+12.764,+4.751) v_w=(-0.123,-0.045) v_b=(+0.119,+0.050)
[DBG_DIR t=07800] pos_w=(+12.765,+4.757) v_w=(+0.108,+0.024) v_b=(-0.103,-0.038)
[DBG_DIR t=08000] pos_w=(+12.756,+4.746) v_w=(-0.006,+0.023) v_b=(+0.004,+0.003)
[DBG_DIR t=08200] pos_w=(+12.776,+4.752) v_w=(-0.123,-0.039) v_b=(+0.119,+0.046)
[DBG_DIR t=08400] pos_w=(+12.766,+4.754) v_w=(+0.086,+0.030) v_b=(-0.086,-0.032)
[DBG_DIR t=08600] pos_w=(+12.762,+4.744) v_w=(-0.036,-0.029) v_b=(+0.028,+0.046)
[DBG_DIR t=08800] pos_w=(+12.786,+4.752) v_w=(-0.030,-0.040) v_b=(+0.032,+0.021)
[DBG_DIR t=09000] pos_w=(+12.767,+4.751) v_w=(+0.060,+0.029) v_b=(-0.062,-0.023)
[DBG_DIR t=09200] pos_w=(+12.770,+4.744) v_w=(-0.066,-0.036) v_b=(+0.057,+0.049)
[DBG_DIR t=09400] pos_w=(+12.788,+4.753) v_w=(+0.142,-0.022) v_b=(-0.118,-0.038)
[DBG_DIR t=09600] pos_w=(+12.770,+4.748) v_w=(+0.033,+0.030) v_b=(-0.035,-0.014)
[DBG_DIR t=09800] pos_w=(+12.779,+4.744) v_w=(-0.100,-0.037) v_b=(+0.092,+0.049)
[DBG_DIR t=10000] pos_w=(+12.787,+4.751) v_w=(+0.123,+0.043) v_b=(-0.113,-0.063)
[DBG_DIR t=10200] pos_w=(+3.645,+3.525) v_w=(-0.326,+0.292) v_b=(+0.342,+0.280)
[DBG_DIR t=10400] pos_w=(+3.570,+3.661) v_w=(-0.260,+0.292) v_b=(+0.258,+0.087)
[DBG_DIR t=10600] pos_w=(+3.507,+3.769) v_w=(-0.270,+0.544) v_b=(+0.731,+0.198)
[DBG_DIR t=10800] pos_w=(+3.070,+3.438) v_w=(+0.102,-0.257) v_b=(-0.253,-0.105)
[DBG_DIR t=11000] pos_w=(+3.104,+3.345) v_w=(+0.144,-0.279) v_b=(-0.288,-0.109)
[DBG_DIR t=11200] pos_w=(+3.145,+3.259) v_w=(+0.141,-0.132) v_b=(-0.122,-0.098)
[DBG_DIR t=11400] pos_w=(+3.163,+3.206) v_w=(-0.004,-0.139) v_b=(-0.134,+0.026)
[DBG_DIR t=11600] pos_w=(+3.205,+3.186) v_w=(+0.080,-0.131) v_b=(-0.175,-0.069)
[DBG_DIR t=11800] pos_w=(+3.197,+3.156) v_w=(+0.070,-0.002) v_b=(+0.010,+0.002)
[DBG_DIR t=12000] pos_w=(+3.198,+3.136) v_w=(+0.047,-0.170) v_b=(-0.173,+0.018)
[DBG_DIR t=12200] pos_w=(+3.220,+3.103) v_w=(+0.030,-0.028) v_b=(-0.046,-0.028)
[DBG_DIR t=12400] pos_w=(+3.217,+3.058) v_w=(+0.109,-0.145) v_b=(-0.146,-0.037)
[DBG_DIR t=12600] pos_w=(+3.234,+3.035) v_w=(+0.037,-0.123) v_b=(-0.131,-0.012)
[DBG_DIR t=12800] pos_w=(+3.256,+2.994) v_w=(+0.037,+0.007) v_b=(-0.006,-0.037)
[DBG_DIR t=13000] pos_w=(+3.251,+2.954) v_w=(-0.022,-0.145) v_b=(-0.141,+0.041)
[DBG_DIR t=13200] pos_w=(+3.273,+2.923) v_w=(-0.042,-0.057) v_b=(-0.061,+0.014)
[DBG_DIR t=13400] pos_w=(+3.292,+2.875) v_w=(+0.081,-0.008) v_b=(-0.012,-0.059)
[DBG_DIR t=13600] pos_w=(+3.293,+2.840) v_w=(-0.053,-0.120) v_b=(-0.113,+0.068)
[DBG_DIR t=13800] pos_w=(+3.313,+2.807) v_w=(-0.021,-0.137) v_b=(-0.158,+0.008)
[DBG_DIR t=14000] pos_w=(+3.321,+2.754) v_w=(+0.108,-0.069) v_b=(-0.061,-0.064)
[DBG_DIR t=14200] pos_w=(+3.328,+2.724) v_w=(+0.002,-0.140) v_b=(-0.136,+0.021)
[DBG_DIR t=14400] pos_w=(+3.347,+2.688) v_w=(-0.007,-0.078) v_b=(-0.086,+0.011)
[DBG_DIR t=14600] pos_w=(+3.344,+2.635) v_w=(+0.128,-0.155) v_b=(-0.140,-0.078)
[DBG_DIR t=14800] pos_w=(+3.357,+2.606) v_w=(+0.035,-0.146) v_b=(-0.148,-0.017)

===== Rudin-terrain evaluation =====
  mean_terrain_level: 0.7756602313701924
  lin_vel_track_err: 0.25853876894139327
  ang_vel_track_err: 0.6531510160932175
  fall_rate: 0.9211784667592164
  mean_reset_distance: 0.9944548421945482
  n_falls: 5972
  n_timeouts: 511
  corrupt_l1: 0.031282791752511495
  channel_l1: 0.031282791752511495
  terrain_level_hist: [892, 59, 40, 26, 7, 0, 0, 0, 0, 0]
  terrain_level_hist_start: [413, 173, 164, 131, 88, 55, 0, 0, 0, 0]

[eval] Wrote results/saliency/eval_results_height_zero.json
[eval] Wrote results/saliency/eval_results_height_zero.csv
